172.68.102.84 - - [28/Apr/2017:10:49:46 +0100] "GET /source/js/countdown.js HTTP/1.1" 304 173 "http://betwing.eu/main" "Mozilla/5.0 (Windows NT 10.0; Win64; x64) AppleWebKit/537.36 (KHTML, like Gecko) Chrome/57.0.2987.133 Safari/537.36"
172.68.102.6 - - [28/Apr/2017:10:49:46 +0100] "GET /source/js/sslider.js HTTP/1.1" 304 173 "http://betwing.eu/main" "Mozilla/5.0 (Windows NT 10.0; Win64; x64) AppleWebKit/537.36 (KHTML, like Gecko) Chrome/57.0.2987.133 Safari/537.36"
172.68.102.114 - - [28/Apr/2017:10:49:46 +0100] "GET /source/js/clock.js HTTP/1.1" 304 173 "http://betwing.eu/main" "Mozilla/5.0 (Windows NT 10.0; Win64; x64) AppleWebKit/537.36 (KHTML, like Gecko) Chrome/57.0.2987.133 Safari/537.36"
172.68.102.6 - - [28/Apr/2017:10:49:46 +0100] "GET /image/_texture.png HTTP/1.1" 304 152 "http://betwing.eu/style/mystyle.css" "Mozilla/5.0 (Windows NT 10.0; Win64; x64) AppleWebKit/537.36 (KHTML, like Gecko) Chrome/57.0.2987.133 Safari/537.36"
172.68.102.30 - - [28/Apr/2017:10:49:46 +0100] "GET /image/sld124.jpg HTTP/1.1" 304 152 "http://betwing.eu/main" "Mozilla/5.0 (Windows NT 10.0; Win64; x64) AppleWebKit/537.36 (KHTML, like Gecko) Chrome/57.0.2987.133 Safari/537.36"
172.68.102.48 - - [28/Apr/2017:10:49:46 +0100] "GET /image/sld22.jpg HTTP/1.1" 304 152 "http://betwing.eu/main" "Mozilla/5.0 (Windows NT 10.0; Win64; x64) AppleWebKit/537.36 (KHTML, like Gecko) Chrome/57.0.2987.133 Safari/537.36"
172.68.102.84 - - [28/Apr/2017:10:49:46 +0100] "GET /source/font-awesome-4.5.0/fonts/fontawesome-webfont.woff2?v=4.5.0 HTTP/1.1" 200 66857 "http://betwing.eu/source/font-awesome-4.5.0/css/font-awesome.css" "Mozilla/5.0 (Windows NT 10.0; Win64; x64) AppleWebKit/537.36 (KHTML, like Gecko) Chrome/57.0.2987.133 Safari/537.36"
162.158.75.42 - - [28/Apr/2017:19:38:11 +0100] "GET / HTTP/1.1" 200 722 "-" "Mozilla/5.0 (compatible; Googlebot/2.1; +http://www.google.com/bot.html)"
172.68.189.39 - - [28/Apr/2017:22:03:56 +0100] "HEAD / HTTP/1.1" 200 301 "-" "Mozilla/5.0 (compatible; CloudFlare-AlwaysOnline/1.0; +http://www.cloudflare.com/always-online)"
172.68.143.74 - - [28/Apr/2017:22:03:56 +0100] "HEAD / HTTP/1.1" 200 301 "-" "Mozilla/5.0 (compatible; CloudFlare-AlwaysOnline/1.0; +http://www.cloudflare.com/always-online)"
162.158.79.103 - - [28/Apr/2017:22:03:57 +0100] "GET / HTTP/1.1" 200 722 "-" "Mozilla/5.0 (compatible; CloudFlare-AlwaysOnline/1.0; +http://www.cloudflare.com/always-online) AppleWebKit/534.34"
162.158.78.156 - - [28/Apr/2017:22:03:57 +0100] "GET / HTTP/1.1" 200 722 "-" "Mozilla/5.0 (compatible; CloudFlare-AlwaysOnline/1.0; +http://www.cloudflare.com/always-online) AppleWebKit/534.34"
162.158.88.232 - - [30/Apr/2017:02:07:16 +0100] "GET / HTTP/1.1" 200 722 "-" "Mozilla/42.0 (compatible; MSIE 28.0; Win128)"
162.158.155.28 - - [30/Apr/2017:11:35:20 +0100] "GET / HTTP/1.1" 200 722 "-" "Mozilla/5.0 (X11; Linux x86_64) AppleWebKit/537.36 (KHTML, like Gecko) Chrome/49.0.2623.75 Safari/537.36 Google Favicon"
141.101.107.152 - - [30/Apr/2017:11:35:20 +0100] "GET /favicon.ico HTTP/1.1" 302 523 "-" "Mozilla/5.0 (X11; Linux x86_64) AppleWebKit/537.36 (KHTML, like Gecko) Chrome/49.0.2623.75 Safari/537.36 Google Favicon"
172.68.102.90 - - [30/Apr/2017:11:35:22 +0100] "GET / HTTP/1.1" 200 722 "-" "Mozilla/5.0 (Windows NT 10.0; Win64; x64) AppleWebKit/537.36 (KHTML, like Gecko) Chrome/58.0.3029.81 Safari/537.36"
172.68.102.60 - - [30/Apr/2017:11:35:23 +0100] "GET /favicon.ico HTTP/1.1" 302 518 "http://betwing.eu/" "Mozilla/5.0 (Windows NT 10.0; Win64; x64) AppleWebKit/537.36 (KHTML, like Gecko) Chrome/58.0.3029.81 Safari/537.36"
172.68.102.90 - - [30/Apr/2017:11:35:26 +0100] "GET /main HTTP/1.1" 200 1548 "-" "Mozilla/5.0 (Windows NT 10.0; Win64; x64) AppleWebKit/537.36 (KHTML, like Gecko) Chrome/58.0.3029.81 Safari/537.36"
172.68.102.90 - - [30/Apr/2017:11:35:26 +0100] "GET /source/bootstrap-3.3.6-dist/css/bootstrap.css HTTP/1.1" 304 175 "http://betwing.eu/main" "Mozilla/5.0 (Windows NT 10.0; Win64; x64) AppleWebKit/537.36 (KHTML, like Gecko) Chrome/58.0.3029.81 Safari/537.36"
172.68.102.42 - - [30/Apr/2017:11:35:26 +0100] "GET /source/font-awesome-4.5.0/css/font-awesome.css HTTP/1.1" 304 174 "http://betwing.eu/main" "Mozilla/5.0 (Windows NT 10.0; Win64; x64) AppleWebKit/537.36 (KHTML, like Gecko) Chrome/58.0.3029.81 Safari/537.36"
172.68.102.96 - - [30/Apr/2017:11:35:26 +0100] "GET /style/js/jquery-1.11.1.min.js HTTP/1.1" 304 175 "http://betwing.eu/main" "Mozilla/5.0 (Windows NT 10.0; Win64; x64) AppleWebKit/537.36 (KHTML, like Gecko) Chrome/58.0.3029.81 Safari/537.36"
172.68.102.36 - - [30/Apr/2017:11:35:26 +0100] "GET /source/bootstrap-3.3.6-dist/js/jquery.js HTTP/1.1" 304 175 "http://betwing.eu/main" "Mozilla/5.0 (Windows NT 10.0; Win64; x64) AppleWebKit/537.36 (KHTML, like Gecko) Chrome/58.0.3029.81 Safari/537.36"
172.68.102.108 - - [30/Apr/2017:11:35:26 +0100] "GET /source/bootstrap-3.3.6-dist/js/bootstrap.js HTTP/1.1" 304 175 "http://betwing.eu/main" "Mozilla/5.0 (Windows NT 10.0; Win64; x64) AppleWebKit/537.36 (KHTML, like Gecko) Chrome/58.0.3029.81 Safari/537.36"
172.68.102.36 - - [30/Apr/2017:11:35:26 +0100] "GET /style/mystyle.css HTTP/1.1" 304 174 "http://betwing.eu/main" "Mozilla/5.0 (Windows NT 10.0; Win64; x64) AppleWebKit/537.36 (KHTML, like Gecko) Chrome/58.0.3029.81 Safari/537.36"
172.68.102.84 - - [30/Apr/2017:11:35:26 +0100] "GET /source/js/countdown.js HTTP/1.1" 304 173 "http://betwing.eu/main" "Mozilla/5.0 (Windows NT 10.0; Win64; x64) AppleWebKit/537.36 (KHTML, like Gecko) Chrome/58.0.3029.81 Safari/537.36"
172.68.102.6 - - [30/Apr/2017:11:35:27 +0100] "GET /source/js/sslider.js HTTP/1.1" 304 173 "http://betwing.eu/main" "Mozilla/5.0 (Windows NT 10.0; Win64; x64) AppleWebKit/537.36 (KHTML, like Gecko) Chrome/58.0.3029.81 Safari/537.36"
172.68.102.114 - - [30/Apr/2017:11:35:27 +0100] "GET /source/js/clock.js HTTP/1.1" 304 173 "http://betwing.eu/main" "Mozilla/5.0 (Windows NT 10.0; Win64; x64) AppleWebKit/537.36 (KHTML, like Gecko) Chrome/58.0.3029.81 Safari/537.36"
172.68.102.6 - - [30/Apr/2017:11:35:27 +0100] "GET /image/_texture.png HTTP/1.1" 304 152 "http://betwing.eu/style/mystyle.css" "Mozilla/5.0 (Windows NT 10.0; Win64; x64) AppleWebKit/537.36 (KHTML, like Gecko) Chrome/58.0.3029.81 Safari/537.36"
172.68.102.30 - - [30/Apr/2017:11:35:27 +0100] "GET /image/sld124.jpg HTTP/1.1" 304 152 "http://betwing.eu/main" "Mozilla/5.0 (Windows NT 10.0; Win64; x64) AppleWebKit/537.36 (KHTML, like Gecko) Chrome/58.0.3029.81 Safari/537.36"
172.68.102.48 - - [30/Apr/2017:11:35:27 +0100] "GET /image/sld22.jpg HTTP/1.1" 304 152 "http://betwing.eu/main" "Mozilla/5.0 (Windows NT 10.0; Win64; x64) AppleWebKit/537.36 (KHTML, like Gecko) Chrome/58.0.3029.81 Safari/537.36"
172.68.102.84 - - [30/Apr/2017:11:35:27 +0100] "GET /source/font-awesome-4.5.0/fonts/fontawesome-webfont.woff2?v=4.5.0 HTTP/1.1" 200 66857 "http://betwing.eu/source/font-awesome-4.5.0/css/font-awesome.css" "Mozilla/5.0 (Windows NT 10.0; Win64; x64) AppleWebKit/537.36 (KHTML, like Gecko) Chrome/58.0.3029.81 Safari/537.36"
172.68.102.90 - - [30/Apr/2017:11:35:34 +0100] "GET /main HTTP/1.1" 200 1547 "-" "Mozilla/5.0 (Windows NT 10.0; Win64; x64) AppleWebKit/537.36 (KHTML, like Gecko) Chrome/58.0.3029.81 Safari/537.36"
172.68.102.84 - - [30/Apr/2017:11:35:34 +0100] "GET /source/font-awesome-4.5.0/fonts/fontawesome-webfont.woff2?v=4.5.0 HTTP/1.1" 200 66857 "http://betwing.eu/source/font-awesome-4.5.0/css/font-awesome.css" "Mozilla/5.0 (Windows NT 10.0; Win64; x64) AppleWebKit/537.36 (KHTML, like Gecko) Chrome/58.0.3029.81 Safari/537.36"
172.68.102.90 - - [30/Apr/2017:11:35:43 +0100] "GET /matches HTTP/1.1" 200 1564 "-" "Mozilla/5.0 (Windows NT 10.0; Win64; x64) AppleWebKit/537.36 (KHTML, like Gecko) Chrome/58.0.3029.81 Safari/537.36"
172.68.102.36 - - [30/Apr/2017:11:35:43 +0100] "GET /style/style.css HTTP/1.1" 200 2113 "http://betwing.eu/matches" "Mozilla/5.0 (Windows NT 10.0; Win64; x64) AppleWebKit/537.36 (KHTML, like Gecko) Chrome/58.0.3029.81 Safari/537.36"
172.68.102.84 - - [30/Apr/2017:11:35:43 +0100] "GET /style/img/teams/fnatic.png HTTP/1.1" 200 9589 "http://betwing.eu/matches" "Mozilla/5.0 (Windows NT 10.0; Win64; x64) AppleWebKit/537.36 (KHTML, like Gecko) Chrome/58.0.3029.81 Safari/537.36"
172.68.102.24 - - [30/Apr/2017:11:35:44 +0100] "GET /style/img/teams/navi.png HTTP/1.1" 304 151 "http://betwing.eu/matches" "Mozilla/5.0 (Windows NT 10.0; Win64; x64) AppleWebKit/537.36 (KHTML, like Gecko) Chrome/58.0.3029.81 Safari/537.36"
172.68.102.90 - - [30/Apr/2017:11:35:54 +0100] "GET /admin HTTP/1.1" 301 532 "-" "Mozilla/5.0 (Windows NT 10.0; Win64; x64) AppleWebKit/537.36 (KHTML, like Gecko) Chrome/58.0.3029.81 Safari/537.36"
172.68.102.90 - - [30/Apr/2017:11:35:54 +0100] "GET /admin/?page=admin HTTP/1.1" 302 298 "-" "Mozilla/5.0 (Windows NT 10.0; Win64; x64) AppleWebKit/537.36 (KHTML, like Gecko) Chrome/58.0.3029.81 Safari/537.36"
172.68.102.90 - - [30/Apr/2017:11:36:14 +0100] "GET /admin/ HTTP/1.1" 302 298 "-" "Mozilla/5.0 (Windows NT 10.0; Win64; x64) AppleWebKit/537.36 (KHTML, like Gecko) Chrome/57.0.2987.133 Safari/537.36 OPR/44.0.2510.1218"
172.68.102.90 - - [30/Apr/2017:11:37:25 +0100] "GET /admin/index.php HTTP/1.1" 500 273 "-" "Mozilla/5.0 (Windows NT 10.0; Win64; x64) AppleWebKit/537.36 (KHTML, like Gecko) Chrome/57.0.2987.133 Safari/537.36 OPR/44.0.2510.1218"
172.68.102.90 - - [30/Apr/2017:11:38:36 +0100] "GET /admin/index.php HTTP/1.1" 302 274 "-" "Mozilla/5.0 (Windows NT 10.0; Win64; x64) AppleWebKit/537.36 (KHTML, like Gecko) Chrome/57.0.2987.133 Safari/537.36 OPR/44.0.2510.1218"
172.68.102.90 - - [30/Apr/2017:11:38:36 +0100] "GET /main HTTP/1.1" 200 1548 "-" "Mozilla/5.0 (Windows NT 10.0; Win64; x64) AppleWebKit/537.36 (KHTML, like Gecko) Chrome/57.0.2987.133 Safari/537.36 OPR/44.0.2510.1218"
172.68.102.90 - - [30/Apr/2017:11:58:13 +0100] "GET /admin HTTP/1.1" 200 1475 "-" "Mozilla/5.0 (Windows NT 10.0; Win64; x64) AppleWebKit/537.36 (KHTML, like Gecko) Chrome/57.0.2987.133 Safari/537.36 OPR/44.0.2510.1218"
172.68.102.90 - - [30/Apr/2017:11:58:16 +0100] "GET /users.php HTTP/1.1" 302 518 "http://betwing.eu/admin" "Mozilla/5.0 (Windows NT 10.0; Win64; x64) AppleWebKit/537.36 (KHTML, like Gecko) Chrome/57.0.2987.133 Safari/537.36 OPR/44.0.2510.1218"
172.68.102.90 - - [30/Apr/2017:11:58:28 +0100] "GET /tickets.php HTTP/1.1" 302 518 "http://betwing.eu/admin" "Mozilla/5.0 (Windows NT 10.0; Win64; x64) AppleWebKit/537.36 (KHTML, like Gecko) Chrome/57.0.2987.133 Safari/537.36 OPR/44.0.2510.1218"
172.68.102.90 - - [30/Apr/2017:11:58:56 +0100] "GET /matches.php HTTP/1.1" 302 518 "http://betwing.eu/admin" "Mozilla/5.0 (Windows NT 10.0; Win64; x64) AppleWebKit/537.36 (KHTML, like Gecko) Chrome/57.0.2987.133 Safari/537.36 OPR/44.0.2510.1218"
172.68.102.90 - - [30/Apr/2017:12:00:29 +0100] "GET /admin HTTP/1.1" 200 1473 "-" "Mozilla/5.0 (Windows NT 10.0; Win64; x64) AppleWebKit/537.36 (KHTML, like Gecko) Chrome/57.0.2987.133 Safari/537.36 OPR/44.0.2510.1218"
172.68.102.60 - - [30/Apr/2017:12:00:29 +0100] "GET /favicon.ico HTTP/1.1" 302 518 "http://betwing.eu/admin" "Mozilla/5.0 (Windows NT 10.0; Win64; x64) AppleWebKit/537.36 (KHTML, like Gecko) Chrome/57.0.2987.133 Safari/537.36 OPR/44.0.2510.1218"
172.68.102.90 - - [30/Apr/2017:12:00:31 +0100] "GET /tickets.php HTTP/1.1" 302 518 "http://betwing.eu/admin" "Mozilla/5.0 (Windows NT 10.0; Win64; x64) AppleWebKit/537.36 (KHTML, like Gecko) Chrome/57.0.2987.133 Safari/537.36 OPR/44.0.2510.1218"
172.68.102.90 - - [30/Apr/2017:14:12:37 +0100] "GET /matches HTTP/1.1" 200 1564 "-" "Mozilla/5.0 (Windows NT 10.0; Win64; x64) AppleWebKit/537.36 (KHTML, like Gecko) Chrome/57.0.2987.133 Safari/537.36 OPR/44.0.2510.1218"
172.68.102.36 - - [30/Apr/2017:14:12:38 +0100] "GET /style/style.css HTTP/1.1" 304 174 "http://betwing.eu/matches" "Mozilla/5.0 (Windows NT 10.0; Win64; x64) AppleWebKit/537.36 (KHTML, like Gecko) Chrome/57.0.2987.133 Safari/537.36 OPR/44.0.2510.1218"
172.68.102.84 - - [30/Apr/2017:14:12:38 +0100] "GET /style/img/teams/fnatic.png HTTP/1.1" 304 151 "http://betwing.eu/matches" "Mozilla/5.0 (Windows NT 10.0; Win64; x64) AppleWebKit/537.36 (KHTML, like Gecko) Chrome/57.0.2987.133 Safari/537.36 OPR/44.0.2510.1218"
172.68.102.24 - - [30/Apr/2017:14:12:38 +0100] "GET /style/img/teams/navi.png HTTP/1.1" 304 151 "http://betwing.eu/matches" "Mozilla/5.0 (Windows NT 10.0; Win64; x64) AppleWebKit/537.36 (KHTML, like Gecko) Chrome/57.0.2987.133 Safari/537.36 OPR/44.0.2510.1218"
172.68.102.90 - - [30/Apr/2017:14:12:38 +0100] "GET /match?id=1 HTTP/1.1" 200 1134 "http://betwing.eu/matches" "Mozilla/5.0 (Windows NT 10.0; Win64; x64) AppleWebKit/537.36 (KHTML, like Gecko) Chrome/57.0.2987.133 Safari/537.36 OPR/44.0.2510.1218"
172.68.102.18 - - [30/Apr/2017:14:12:39 +0100] "GET /style/js/placeBet.js HTTP/1.1" 304 173 "http://betwing.eu/match?id=1" "Mozilla/5.0 (Windows NT 10.0; Win64; x64) AppleWebKit/537.36 (KHTML, like Gecko) Chrome/57.0.2987.133 Safari/537.36 OPR/44.0.2510.1218"
172.68.102.18 - - [30/Apr/2017:14:12:39 +0100] "GET /style/js/changeBet.js HTTP/1.1" 200 520 "http://betwing.eu/match?id=1" "Mozilla/5.0 (Windows NT 10.0; Win64; x64) AppleWebKit/537.36 (KHTML, like Gecko) Chrome/57.0.2987.133 Safari/537.36 OPR/44.0.2510.1218"
172.68.102.78 - - [30/Apr/2017:14:12:39 +0100] "GET /style/js/selectTeam.js HTTP/1.1" 304 173 "http://betwing.eu/match?id=1" "Mozilla/5.0 (Windows NT 10.0; Win64; x64) AppleWebKit/537.36 (KHTML, like Gecko) Chrome/57.0.2987.133 Safari/537.36 OPR/44.0.2510.1218"
172.68.102.90 - - [30/Apr/2017:18:25:51 +0100] "GET /match?id=1 HTTP/1.1" 200 1134 "http://betwing.eu/matches" "Mozilla/5.0 (Windows NT 10.0; Win64; x64) AppleWebKit/537.36 (KHTML, like Gecko) Chrome/57.0.2987.133 Safari/537.36 OPR/44.0.2510.1218"
172.68.102.90 - - [30/Apr/2017:18:25:51 +0100] "GET /source/bootstrap-3.3.6-dist/css/bootstrap.css HTTP/1.1" 304 175 "http://betwing.eu/match?id=1" "Mozilla/5.0 (Windows NT 10.0; Win64; x64) AppleWebKit/537.36 (KHTML, like Gecko) Chrome/57.0.2987.133 Safari/537.36 OPR/44.0.2510.1218"
172.68.102.96 - - [30/Apr/2017:18:25:51 +0100] "GET /style/js/jquery-1.11.1.min.js HTTP/1.1" 304 175 "http://betwing.eu/match?id=1" "Mozilla/5.0 (Windows NT 10.0; Win64; x64) AppleWebKit/537.36 (KHTML, like Gecko) Chrome/57.0.2987.133 Safari/537.36 OPR/44.0.2510.1218"
172.68.102.36 - - [30/Apr/2017:18:25:51 +0100] "GET /style/mystyle.css HTTP/1.1" 304 174 "http://betwing.eu/match?id=1" "Mozilla/5.0 (Windows NT 10.0; Win64; x64) AppleWebKit/537.36 (KHTML, like Gecko) Chrome/57.0.2987.133 Safari/537.36 OPR/44.0.2510.1218"
172.68.102.42 - - [30/Apr/2017:18:25:51 +0100] "GET /source/font-awesome-4.5.0/css/font-awesome.css HTTP/1.1" 304 174 "http://betwing.eu/match?id=1" "Mozilla/5.0 (Windows NT 10.0; Win64; x64) AppleWebKit/537.36 (KHTML, like Gecko) Chrome/57.0.2987.133 Safari/537.36 OPR/44.0.2510.1218"
172.68.102.18 - - [30/Apr/2017:18:25:51 +0100] "GET /style/js/placeBet.js HTTP/1.1" 304 173 "http://betwing.eu/match?id=1" "Mozilla/5.0 (Windows NT 10.0; Win64; x64) AppleWebKit/537.36 (KHTML, like Gecko) Chrome/57.0.2987.133 Safari/537.36 OPR/44.0.2510.1218"
172.68.102.18 - - [30/Apr/2017:18:25:51 +0100] "GET /style/js/changeBet.js HTTP/1.1" 304 173 "http://betwing.eu/match?id=1" "Mozilla/5.0 (Windows NT 10.0; Win64; x64) AppleWebKit/537.36 (KHTML, like Gecko) Chrome/57.0.2987.133 Safari/537.36 OPR/44.0.2510.1218"
172.68.102.78 - - [30/Apr/2017:18:25:51 +0100] "GET /style/js/selectTeam.js HTTP/1.1" 304 173 "http://betwing.eu/match?id=1" "Mozilla/5.0 (Windows NT 10.0; Win64; x64) AppleWebKit/537.36 (KHTML, like Gecko) Chrome/57.0.2987.133 Safari/537.36 OPR/44.0.2510.1218"
172.68.102.6 - - [30/Apr/2017:18:25:51 +0100] "GET /image/_texture.png HTTP/1.1" 304 152 "http://betwing.eu/style/mystyle.css" "Mozilla/5.0 (Windows NT 10.0; Win64; x64) AppleWebKit/537.36 (KHTML, like Gecko) Chrome/57.0.2987.133 Safari/537.36 OPR/44.0.2510.1218"
172.68.102.84 - - [30/Apr/2017:18:25:51 +0100] "GET /source/font-awesome-4.5.0/fonts/fontawesome-webfont.woff2?v=4.5.0 HTTP/1.1" 304 152 "http://betwing.eu/source/font-awesome-4.5.0/css/font-awesome.css" "Mozilla/5.0 (Windows NT 10.0; Win64; x64) AppleWebKit/537.36 (KHTML, like Gecko) Chrome/57.0.2987.133 Safari/537.36 OPR/44.0.2510.1218"
172.68.102.90 - - [01/May/2017:14:58:29 +0100] "GET / HTTP/1.1" 200 722 "-" "Mozilla/5.0 (Windows; U; Windows NT 10.0; en-US; Valve Steam GameOverlay/1493162727; ) AppleWebKit/537.36 (KHTML, like Gecko) Chrome/56.0.2924.51 Safari/537.36"
172.68.102.90 - - [01/May/2017:14:58:31 +0100] "GET /main HTTP/1.1" 200 1548 "-" "Mozilla/5.0 (Windows; U; Windows NT 10.0; en-US; Valve Steam GameOverlay/1493162727; ) AppleWebKit/537.36 (KHTML, like Gecko) Chrome/56.0.2924.51 Safari/537.36"
172.68.102.90 - - [01/May/2017:14:58:31 +0100] "GET /source/bootstrap-3.3.6-dist/css/bootstrap.css HTTP/1.1" 304 175 "http://betwing.eu/main" "Mozilla/5.0 (Windows; U; Windows NT 10.0; en-US; Valve Steam GameOverlay/1493162727; ) AppleWebKit/537.36 (KHTML, like Gecko) Chrome/56.0.2924.51 Safari/537.36"
172.68.102.42 - - [01/May/2017:14:58:31 +0100] "GET /source/font-awesome-4.5.0/css/font-awesome.css HTTP/1.1" 304 174 "http://betwing.eu/main" "Mozilla/5.0 (Windows; U; Windows NT 10.0; en-US; Valve Steam GameOverlay/1493162727; ) AppleWebKit/537.36 (KHTML, like Gecko) Chrome/56.0.2924.51 Safari/537.36"
172.68.102.96 - - [01/May/2017:14:58:31 +0100] "GET /style/js/jquery-1.11.1.min.js HTTP/1.1" 304 175 "http://betwing.eu/main" "Mozilla/5.0 (Windows; U; Windows NT 10.0; en-US; Valve Steam GameOverlay/1493162727; ) AppleWebKit/537.36 (KHTML, like Gecko) Chrome/56.0.2924.51 Safari/537.36"
172.68.102.36 - - [01/May/2017:14:58:31 +0100] "GET /style/mystyle.css HTTP/1.1" 304 174 "http://betwing.eu/main" "Mozilla/5.0 (Windows; U; Windows NT 10.0; en-US; Valve Steam GameOverlay/1493162727; ) AppleWebKit/537.36 (KHTML, like Gecko) Chrome/56.0.2924.51 Safari/537.36"
172.68.102.36 - - [01/May/2017:14:58:31 +0100] "GET /source/bootstrap-3.3.6-dist/js/jquery.js HTTP/1.1" 304 175 "http://betwing.eu/main" "Mozilla/5.0 (Windows; U; Windows NT 10.0; en-US; Valve Steam GameOverlay/1493162727; ) AppleWebKit/537.36 (KHTML, like Gecko) Chrome/56.0.2924.51 Safari/537.36"
172.68.102.108 - - [01/May/2017:14:58:31 +0100] "GET /source/bootstrap-3.3.6-dist/js/bootstrap.js HTTP/1.1" 304 175 "http://betwing.eu/main" "Mozilla/5.0 (Windows; U; Windows NT 10.0; en-US; Valve Steam GameOverlay/1493162727; ) AppleWebKit/537.36 (KHTML, like Gecko) Chrome/56.0.2924.51 Safari/537.36"
172.68.102.84 - - [01/May/2017:14:58:31 +0100] "GET /source/js/countdown.js HTTP/1.1" 304 173 "http://betwing.eu/main" "Mozilla/5.0 (Windows; U; Windows NT 10.0; en-US; Valve Steam GameOverlay/1493162727; ) AppleWebKit/537.36 (KHTML, like Gecko) Chrome/56.0.2924.51 Safari/537.36"
172.68.102.6 - - [01/May/2017:14:58:31 +0100] "GET /source/js/sslider.js HTTP/1.1" 304 173 "http://betwing.eu/main" "Mozilla/5.0 (Windows; U; Windows NT 10.0; en-US; Valve Steam GameOverlay/1493162727; ) AppleWebKit/537.36 (KHTML, like Gecko) Chrome/56.0.2924.51 Safari/537.36"
172.68.102.114 - - [01/May/2017:14:58:31 +0100] "GET /source/js/clock.js HTTP/1.1" 304 173 "http://betwing.eu/main" "Mozilla/5.0 (Windows; U; Windows NT 10.0; en-US; Valve Steam GameOverlay/1493162727; ) AppleWebKit/537.36 (KHTML, like Gecko) Chrome/56.0.2924.51 Safari/537.36"
172.68.102.84 - - [01/May/2017:14:58:31 +0100] "GET /source/font-awesome-4.5.0/fonts/fontawesome-webfont.woff2?v=4.5.0 HTTP/1.1" 304 152 "http://betwing.eu/source/font-awesome-4.5.0/css/font-awesome.css" "Mozilla/5.0 (Windows; U; Windows NT 10.0; en-US; Valve Steam GameOverlay/1493162727; ) AppleWebKit/537.36 (KHTML, like Gecko) Chrome/56.0.2924.51 Safari/537.36"
172.68.102.6 - - [01/May/2017:14:58:31 +0100] "GET /image/_texture.png HTTP/1.1" 304 152 "http://betwing.eu/style/mystyle.css" "Mozilla/5.0 (Windows; U; Windows NT 10.0; en-US; Valve Steam GameOverlay/1493162727; ) AppleWebKit/537.36 (KHTML, like Gecko) Chrome/56.0.2924.51 Safari/537.36"
172.68.102.48 - - [01/May/2017:14:58:31 +0100] "GET /image/sld22.jpg HTTP/1.1" 304 152 "http://betwing.eu/main" "Mozilla/5.0 (Windows; U; Windows NT 10.0; en-US; Valve Steam GameOverlay/1493162727; ) AppleWebKit/537.36 (KHTML, like Gecko) Chrome/56.0.2924.51 Safari/537.36"
172.68.102.30 - - [01/May/2017:14:58:31 +0100] "GET /image/sld124.jpg HTTP/1.1" 304 152 "http://betwing.eu/main" "Mozilla/5.0 (Windows; U; Windows NT 10.0; en-US; Valve Steam GameOverlay/1493162727; ) AppleWebKit/537.36 (KHTML, like Gecko) Chrome/56.0.2924.51 Safari/537.36"
172.68.102.90 - - [01/May/2017:14:58:39 +0100] "GET /login HTTP/1.1" 302 296 "-" "Mozilla/5.0 (Windows; U; Windows NT 10.0; en-US; Valve Steam GameOverlay/1493162727; ) AppleWebKit/537.36 (KHTML, like Gecko) Chrome/56.0.2924.51 Safari/537.36"
172.68.102.90 - - [01/May/2017:14:58:47 +0100] "GET /log1n.php?id=40c72c90bd47010165aa468aa9edad1e HTTP/1.1" 302 368 "-" "Mozilla/5.0 (Windows; U; Windows NT 10.0; en-US; Valve Steam GameOverlay/1493162727; ) AppleWebKit/537.36 (KHTML, like Gecko) Chrome/56.0.2924.51 Safari/537.36"
172.68.102.90 - - [01/May/2017:14:58:48 +0100] "GET / HTTP/1.1" 304 173 "-" "Mozilla/5.0 (Windows; U; Windows NT 10.0; en-US; Valve Steam GameOverlay/1493162727; ) AppleWebKit/537.36 (KHTML, like Gecko) Chrome/56.0.2924.51 Safari/537.36"
172.68.102.90 - - [01/May/2017:14:59:33 +0100] "GET /main HTTP/1.1" 200 1877 "-" "Mozilla/5.0 (Windows; U; Windows NT 10.0; en-US; Valve Steam GameOverlay/1493162727; ) AppleWebKit/537.36 (KHTML, like Gecko) Chrome/56.0.2924.51 Safari/537.36"
